{"features": ["autocomplete", "describe-protocol", "exit", "lookup", "lookup/documentation", "pop", "push"], "kind": "protocol-info", "version": 1}
{"kind": "response", "query-id": "1", "response": [], "status": "success"}
{"kind": "response", "query-id": "2", "response": {"defined-at": {"beg": [2, 4], "end": [2, 9], "fname": "<input>"}, "documentation": null, "name": "Minimal.hello", "type": "string"}, "status": "success"}
